******************************************************************************
             TMS320C2000 Linker PC v22.6.0                     
******************************************************************************
>> Linked Sun Apr 28 13:51:01 2024

OUTPUT FILE NAME:   <F280049C_Template.out>
ENTRY POINT SYMBOL: "_c_int00"  address: 000801a5


MEMORY CONFIGURATION

         name            origin    length      used     unused   attr    fill
----------------------  --------  ---------  --------  --------  ----  --------
PAGE 0:
  RAMLS0                00008000   00000800  00000000  00000800  RWIX
  RAMLS1                00008800   00000800  00000000  00000800  RWIX
  RAMLS2                00009000   00000800  00000000  00000800  RWIX
  RAMLS3                00009800   00000800  00000000  00000800  RWIX
  RAMLS4                0000a000   00000800  00000000  00000800  RWIX
  RAMGS0                0000c000   00002000  00000000  00002000  RWIX
  RAMGS1                0000e000   00002000  00000000  00002000  RWIX
  BEGIN                 00080000   00000002  00000002  00000000  RWIX
  FLASH_MEMORY          00080002   0001ffee  000002a2  0001fd4c  RWIX
  RESET                 003fffc0   00000002  00000000  00000002  RWIX

PAGE 1:
  BOOT_RSVD             00000002   000000f3  00000000  000000f3  RWIX
  RAMM0                 000000f5   0000030b  00000200  0000010b  RWIX
  RAMM1                 00000400   00000400  000000e6  0000031a  RWIX
  ADCARESULTS           00000b00   00000020  00000018  00000008  RWIX
  ADCBRESULTS           00000b20   00000020  00000018  00000008  RWIX
  ADCCRESULTS           00000b40   00000020  00000018  00000008  RWIX
  CPU0TIMERS            00000c00   00000008  00000008  00000000  RWIX
  CPU1TIMERS            00000c08   00000008  00000008  00000000  RWIX
  CPU2TIMERS            00000c10   00000008  00000008  00000000  RWIX
  PIE                   00000ce0   00000020  0000001a  00000006  RWIX
  PIEVECTABLE           00000d00   00000200  000001c0  00000040  RWIX
  DMAREGS               00001000   00000200  000000e0  00000120  RWIX
  CLAREGS               00001400   00000080  00000048  00000038  RWIX
  CLATOCPU              00001480   00000080  00000000  00000080  RWIX
  CPUTOCLA              00001500   00000080  00000000  00000080  RWIX
  CLB1CNF               00003000   00000100  00000050  000000b0  RWIX
  CLB1CTRL              00003100   00000100  00000040  000000c0  RWIX
  CLB1DATA              00003200   00000200  00000108  000000f8  RWIX
  CLB2CNF               00003400   00000100  00000050  000000b0  RWIX
  CLB2CTRL              00003500   00000100  00000040  000000c0  RWIX
  CLB2DATA              00003600   00000200  00000108  000000f8  RWIX
  CLB3CNF               00003800   00000100  00000050  000000b0  RWIX
  CLB3CTRL              00003900   00000100  00000040  000000c0  RWIX
  CLB3DATA              00003a00   00000200  00000108  000000f8  RWIX
  CLB4CNF               00003c00   00000100  00000050  000000b0  RWIX
  CLB4CTRL              00003d00   00000100  00000040  000000c0  RWIX
  CLB4DATA              00003e00   00000200  00000108  000000f8  RWIX
  EPWM1                 00004000   00000100  00000100  00000000  RWIX
  EPWM2                 00004100   00000100  00000100  00000000  RWIX
  EPWM3                 00004200   00000100  00000100  00000000  RWIX
  EPWM4                 00004300   00000100  00000100  00000000  RWIX
  EPWM5                 00004400   00000100  00000100  00000000  RWIX
  EPWM6                 00004500   00000100  00000100  00000000  RWIX
  EPWM7                 00004600   00000100  00000100  00000000  RWIX
  EPWM8                 00004700   00000100  00000100  00000000  RWIX
  EQEP1                 00005100   00000040  00000036  0000000a  RWIX
  EQEP2                 00005140   00000040  00000036  0000000a  RWIX
  ECAP1                 00005200   00000020  0000001a  00000006  RWIX
  ECAP2                 00005240   00000020  0000001a  00000006  RWIX
  ECAP3                 00005280   00000020  0000001a  00000006  RWIX
  ECAP4                 000052c0   00000020  0000001a  00000006  RWIX
  ECAP5                 00005300   00000020  0000001a  00000006  RWIX
  ECAP6                 00005340   00000020  0000001a  00000006  RWIX
  HRCAP6                00005360   00000020  00000016  0000000a  RWIX
  ECAP7                 00005380   00000020  0000001a  00000006  RWIX
  HRCAP7                000053a0   00000020  00000016  0000000a  RWIX
  PGA1                  00005b00   00000010  0000000a  00000006  RWIX
  PGA2                  00005b10   00000010  0000000a  00000006  RWIX
  PGA3                  00005b20   00000010  0000000a  00000006  RWIX
  PGA4                  00005b30   00000010  0000000a  00000006  RWIX
  PGA5                  00005b40   00000010  0000000a  00000006  RWIX
  PGA6                  00005b50   00000010  0000000a  00000006  RWIX
  PGA7                  00005b60   00000010  0000000a  00000006  RWIX
  DACA                  00005c00   00000010  00000007  00000009  RWIX
  DACB                  00005c10   00000010  00000007  00000009  RWIX
  CMPSS1                00005c80   00000020  0000001b  00000005  RWIX
  CMPSS2                00005ca0   00000020  0000001b  00000005  RWIX
  CMPSS3                00005cc0   00000020  0000001b  00000005  RWIX
  CMPSS4                00005ce0   00000020  0000001b  00000005  RWIX
  CMPSS5                00005d00   00000020  0000001b  00000005  RWIX
  CMPSS6                00005d20   00000020  0000001b  00000005  RWIX
  CMPSS7                00005d40   00000020  0000001b  00000005  RWIX
  SDFM1                 00005e00   00000080  00000050  00000030  RWIX
  SPIA                  00006100   00000010  00000010  00000000  RWIX
  SPIB                  00006110   00000010  00000010  00000000  RWIX
  CLAPROMCRC32          000061c0   00000020  00000020  00000000  RWIX
  PMBUSA                00006400   00000020  0000001e  00000002  RWIX
  FSITX                 00006600   00000080  00000050  00000030  RWIX
  FSIRX                 00006680   00000080  00000050  00000030  RWIX
  LINA                  00006a00   00000100  000000ec  00000014  RWIX
  WATCHDOG              00007000   00000040  0000002b  00000015  RWIX
  NMIREGS               00007060   00000010  00000007  00000009  RWIX
  XINTREGS              00007070   00000010  0000000b  00000005  RWIX
  SCIA                  00007200   00000010  00000010  00000000  RWIX
  SCIB                  00007210   00000010  00000010  00000000  RWIX
  I2CA                  00007300   00000040  00000022  0000001e  RWIX
  ADCAREGS              00007400   00000080  00000076  0000000a  RWIX
  ADCBREGS              00007480   00000080  00000076  0000000a  RWIX
  ADCCREGS              00007500   00000080  00000076  0000000a  RWIX
  INPUTXBAR             00007900   00000020  00000020  00000000  RWIX
  XBARREGS              00007920   00000020  00000010  00000010  RWIX
  SYNCSOC               00007940   00000010  00000006  0000000a  RWIX
  DMACLA                00007980   00000040  0000001a  00000026  RWIX
  EPWMXBAR              00007a00   00000040  00000040  00000000  RWIX
  CLBXBAR               00007a40   00000040  00000040  00000000  RWIX
  OUTPUTXBAR            00007a80   00000040  00000040  00000000  RWIX
  GPIOCTRL              00007c00   00000300  00000200  00000100  RWIX
  GPIODATA              00007f00   00000100  0000003a  000000c6  RWIX
  CLASCRATCH            0000a800   00000100  00000000  00000100  RWIX
  RAMLS5                0000a900   00000700  00000000  00000700  RWIX
  RAMLS6                0000b000   00000800  00000000  00000800  RWIX
  RAMLS7                0000b800   00000800  00000000  00000800  RWIX
  RAMGS2                00010000   00002000  000000a2  00001f5e  RWIX
  RAMGS3                00012000   00002000  00000000  00002000  RWIX
  CANA                  00048000   00000800  00000164  0000069c  RWIX
  CANB                  0004a000   00000800  00000164  0000069c  RWIX
  DEVCONF               0005d000   00000180  00000132  0000004e  RWIX
  CLKCNF                0005d200   00000100  00000034  000000cc  RWIX
  CPUSYS                0005d300   00000100  00000082  0000007e  RWIX
  PERIPHAC              0005d500   00000200  00000200  00000000  RWIX
  ANALOG                0005d700   00000100  00000090  00000070  RWIX
  ROMPREFETCH           0005e608   00000002  00000000  00000002  RWIX
  DCCREGS               0005e700   00000040  0000002c  00000014  RWIX
  ERADGLOBAL            0005e800   00000012  0000000b  00000007  RWIX
  ERADHWBP1             0005e900   00000008  00000008  00000000  RWIX
  ERADHWBP2             0005e908   00000008  00000008  00000000  RWIX
  ERADHWBP3             0005e910   00000008  00000008  00000000  RWIX
  ERADHWBP4             0005e918   00000008  00000008  00000000  RWIX
  ERADHWBP5             0005e920   00000008  00000008  00000000  RWIX
  ERADHWBP6             0005e928   00000008  00000008  00000000  RWIX
  ERADHWBP7             0005e930   00000008  00000008  00000000  RWIX
  ERADHWBP8             0005e938   00000008  00000008  00000000  RWIX
  ERADCOUNT1            0005e980   00000010  0000000a  00000006  RWIX
  ERADCOUNT2            0005e990   00000010  0000000a  00000006  RWIX
  ERADCOUNT3            0005e9a0   00000010  0000000a  00000006  RWIX
  ERADCOUNT4            0005e9b0   00000010  0000000a  00000006  RWIX
  DCSMB0Z1              0005f000   00000030  00000022  0000000e  RWIX
  DCSMB0Z2              0005f040   00000030  00000022  0000000e  RWIX
  DCSMCOM               0005f070   00000018  00000010  00000008  RWIX
  DCSMB1Z1              0005f100   00000030  00000020  00000010  RWIX
  DCSMB1Z2              0005f140   00000030  00000020  00000010  RWIX
  MEMCNF                0005f400   00000080  00000076  0000000a  RWIX
  ACCESS                0005f4c0   00000040  0000002e  00000012  RWIX
  MEMERROR              0005f500   00000040  0000003a  00000006  RWIX
  ROMWAIT               0005f540   00000002  00000000  00000002  RWIX
  FLASHCTRL             0005f800   00000300  00000182  0000017e  RWIX
  FLASHECC              0005fb00   00000040  00000028  00000018  RWIX
  UIDREGS               000703c0   00000010  00000000  00000010  RWIX


SECTION ALLOCATION MAP

 output                                  attributes/
section   page    origin      length       input sections
--------  ----  ----------  ----------   ----------------
.codestart 
*          0    00080000    00000002     
                  00080000    00000002     GotoMain.obj (.codestart)

.text      0    00080004    00000288     
                  00080004    00000140     realtime.obj (.text)
                  00080144    00000061     realtime.obj (.text:retain)
                  000801a5    00000056     rts2800_fpu32.lib : boot28.asm.obj (.text)
                  000801fb    00000029                       : exit.c.obj (.text)
                  00080224    00000024                       : cpy_tbl.c.obj (.text)
                  00080248    0000001d                       : memcpy.c.obj (.text)
                  00080265    00000012                       : args_main.c.obj (.text)
                  00080277    00000009     main.obj (.text)
                  00080280    00000009     rts2800_fpu32.lib : _lock.c.obj (.text)
                  00080289    00000002                       : pre_init.c.obj (.text)
                  0008028b    00000001                       : startup.c.obj (.text)

.cinit     0    0008028c    0000001a     
                  0008028c    0000000e     rts2800_fpu32.lib : exit.c.obj (.cinit)
                  0008029a    00000005                       : _lock.c.obj (.cinit:__lock)
                  0008029f    00000005                       : _lock.c.obj (.cinit:__unlock)
                  000802a4    00000002     --HOLE-- [fill = 0]

.pinit     0    00080004    00000000     UNINITIALIZED

.reset     0    003fffc0    00000002     DSECT
                  003fffc0    00000002     rts2800_fpu32.lib : boot28.asm.obj (.reset)

.cpuinram 
*          0    0000c000    00000000     UNINITIALIZED

.flashinit 
*          0    0000c000    00000000     UNINITIALIZED

.stack     1    000000f6    00000200     UNINITIALIZED
                  000000f6    00000200     --HOLE--

AdcaResultRegsFile 
*          1    00000b00    00000018     UNINITIALIZED
                  00000b00    00000018     f28004x_globalvariabledefs.obj (AdcaResultRegsFile)

AdcbResultRegsFile 
*          1    00000b20    00000018     UNINITIALIZED
                  00000b20    00000018     f28004x_globalvariabledefs.obj (AdcbResultRegsFile)

AdccResultRegsFile 
*          1    00000b40    00000018     UNINITIALIZED
                  00000b40    00000018     f28004x_globalvariabledefs.obj (AdccResultRegsFile)

CpuTimer0RegsFile 
*          1    00000c00    00000008     UNINITIALIZED
                  00000c00    00000008     f28004x_globalvariabledefs.obj (CpuTimer0RegsFile)

CpuTimer1RegsFile 
*          1    00000c08    00000008     UNINITIALIZED
                  00000c08    00000008     f28004x_globalvariabledefs.obj (CpuTimer1RegsFile)

CpuTimer2RegsFile 
*          1    00000c10    00000008     UNINITIALIZED
                  00000c10    00000008     f28004x_globalvariabledefs.obj (CpuTimer2RegsFile)

PieCtrlRegsFile 
*          1    00000ce0    0000001a     UNINITIALIZED
                  00000ce0    0000001a     f28004x_globalvariabledefs.obj (PieCtrlRegsFile)

PieVectTableFile 
*          1    00000d00    000001c0     UNINITIALIZED
                  00000d00    000001c0     f28004x_globalvariabledefs.obj (PieVectTableFile)

DmaRegsFile 
*          1    00001000    000000e0     UNINITIALIZED
                  00001000    000000e0     f28004x_globalvariabledefs.obj (DmaRegsFile)

Cla1RegsFile 
*          1    00001400    00000048     UNINITIALIZED
                  00001400    00000048     f28004x_globalvariabledefs.obj (Cla1RegsFile)

Clb1LogicCfgRegsFile 
*          1    00003000    00000050     UNINITIALIZED
                  00003000    00000050     f28004x_globalvariabledefs.obj (Clb1LogicCfgRegsFile)

Clb1LogicCtrlRegsFile 
*          1    00003100    00000040     UNINITIALIZED
                  00003100    00000040     f28004x_globalvariabledefs.obj (Clb1LogicCtrlRegsFile)

Clb1DataExchRegsFile 
*          1    00003200    00000108     UNINITIALIZED
                  00003200    00000108     f28004x_globalvariabledefs.obj (Clb1DataExchRegsFile)

Clb2LogicCfgRegsFile 
*          1    00003400    00000050     UNINITIALIZED
                  00003400    00000050     f28004x_globalvariabledefs.obj (Clb2LogicCfgRegsFile)

Clb2LogicCtrlRegsFile 
*          1    00003500    00000040     UNINITIALIZED
                  00003500    00000040     f28004x_globalvariabledefs.obj (Clb2LogicCtrlRegsFile)

Clb2DataExchRegsFile 
*          1    00003600    00000108     UNINITIALIZED
                  00003600    00000108     f28004x_globalvariabledefs.obj (Clb2DataExchRegsFile)

Clb3LogicCfgRegsFile 
*          1    00003800    00000050     UNINITIALIZED
                  00003800    00000050     f28004x_globalvariabledefs.obj (Clb3LogicCfgRegsFile)

Clb3LogicCtrlRegsFile 
*          1    00003900    00000040     UNINITIALIZED
                  00003900    00000040     f28004x_globalvariabledefs.obj (Clb3LogicCtrlRegsFile)

Clb3DataExchRegsFile 
*          1    00003a00    00000108     UNINITIALIZED
                  00003a00    00000108     f28004x_globalvariabledefs.obj (Clb3DataExchRegsFile)

Clb4LogicCfgRegsFile 
*          1    00003c00    00000050     UNINITIALIZED
                  00003c00    00000050     f28004x_globalvariabledefs.obj (Clb4LogicCfgRegsFile)

Clb4LogicCtrlRegsFile 
*          1    00003d00    00000040     UNINITIALIZED
                  00003d00    00000040     f28004x_globalvariabledefs.obj (Clb4LogicCtrlRegsFile)

Clb4DataExchRegsFile 
*          1    00003e00    00000108     UNINITIALIZED
                  00003e00    00000108     f28004x_globalvariabledefs.obj (Clb4DataExchRegsFile)

EPwm1RegsFile 
*          1    00004000    00000100     UNINITIALIZED
                  00004000    00000100     f28004x_globalvariabledefs.obj (EPwm1RegsFile)

EPwm2RegsFile 
*          1    00004100    00000100     UNINITIALIZED
                  00004100    00000100     f28004x_globalvariabledefs.obj (EPwm2RegsFile)

EPwm3RegsFile 
*          1    00004200    00000100     UNINITIALIZED
                  00004200    00000100     f28004x_globalvariabledefs.obj (EPwm3RegsFile)

EPwm4RegsFile 
*          1    00004300    00000100     UNINITIALIZED
                  00004300    00000100     f28004x_globalvariabledefs.obj (EPwm4RegsFile)

EPwm5RegsFile 
*          1    00004400    00000100     UNINITIALIZED
                  00004400    00000100     f28004x_globalvariabledefs.obj (EPwm5RegsFile)

EPwm6RegsFile 
*          1    00004500    00000100     UNINITIALIZED
                  00004500    00000100     f28004x_globalvariabledefs.obj (EPwm6RegsFile)

EPwm7RegsFile 
*          1    00004600    00000100     UNINITIALIZED
                  00004600    00000100     f28004x_globalvariabledefs.obj (EPwm7RegsFile)

EPwm8RegsFile 
*          1    00004700    00000100     UNINITIALIZED
                  00004700    00000100     f28004x_globalvariabledefs.obj (EPwm8RegsFile)

EQep1RegsFile 
*          1    00005100    00000036     UNINITIALIZED
                  00005100    00000036     f28004x_globalvariabledefs.obj (EQep1RegsFile)

EQep2RegsFile 
*          1    00005140    00000036     UNINITIALIZED
                  00005140    00000036     f28004x_globalvariabledefs.obj (EQep2RegsFile)

ECap1RegsFile 
*          1    00005200    0000001a     UNINITIALIZED
                  00005200    0000001a     f28004x_globalvariabledefs.obj (ECap1RegsFile)

ECap2RegsFile 
*          1    00005240    0000001a     UNINITIALIZED
                  00005240    0000001a     f28004x_globalvariabledefs.obj (ECap2RegsFile)

ECap3RegsFile 
*          1    00005280    0000001a     UNINITIALIZED
                  00005280    0000001a     f28004x_globalvariabledefs.obj (ECap3RegsFile)

ECap4RegsFile 
*          1    000052c0    0000001a     UNINITIALIZED
                  000052c0    0000001a     f28004x_globalvariabledefs.obj (ECap4RegsFile)

ECap5RegsFile 
*          1    00005300    0000001a     UNINITIALIZED
                  00005300    0000001a     f28004x_globalvariabledefs.obj (ECap5RegsFile)

ECap6RegsFile 
*          1    00005340    0000001a     UNINITIALIZED
                  00005340    0000001a     f28004x_globalvariabledefs.obj (ECap6RegsFile)

HRCap6RegsFile 
*          1    00005360    00000016     UNINITIALIZED
                  00005360    00000016     f28004x_globalvariabledefs.obj (HRCap6RegsFile)

ECap7RegsFile 
*          1    00005380    0000001a     UNINITIALIZED
                  00005380    0000001a     f28004x_globalvariabledefs.obj (ECap7RegsFile)

HRCap7RegsFile 
*          1    000053a0    00000016     UNINITIALIZED
                  000053a0    00000016     f28004x_globalvariabledefs.obj (HRCap7RegsFile)

Pga1RegsFile 
*          1    00005b00    0000000a     UNINITIALIZED
                  00005b00    0000000a     f28004x_globalvariabledefs.obj (Pga1RegsFile)

Pga2RegsFile 
*          1    00005b10    0000000a     UNINITIALIZED
                  00005b10    0000000a     f28004x_globalvariabledefs.obj (Pga2RegsFile)

Pga3RegsFile 
*          1    00005b20    0000000a     UNINITIALIZED
                  00005b20    0000000a     f28004x_globalvariabledefs.obj (Pga3RegsFile)

Pga4RegsFile 
*          1    00005b30    0000000a     UNINITIALIZED
                  00005b30    0000000a     f28004x_globalvariabledefs.obj (Pga4RegsFile)

Pga5RegsFile 
*          1    00005b40    0000000a     UNINITIALIZED
                  00005b40    0000000a     f28004x_globalvariabledefs.obj (Pga5RegsFile)

Pga6RegsFile 
*          1    00005b50    0000000a     UNINITIALIZED
                  00005b50    0000000a     f28004x_globalvariabledefs.obj (Pga6RegsFile)

Pga7RegsFile 
*          1    00005b60    0000000a     UNINITIALIZED
                  00005b60    0000000a     f28004x_globalvariabledefs.obj (Pga7RegsFile)

DacaRegsFile 
*          1    00005c00    00000007     UNINITIALIZED
                  00005c00    00000007     f28004x_globalvariabledefs.obj (DacaRegsFile)

DacbRegsFile 
*          1    00005c10    00000007     UNINITIALIZED
                  00005c10    00000007     f28004x_globalvariabledefs.obj (DacbRegsFile)

Cmpss1RegsFile 
*          1    00005c80    0000001b     UNINITIALIZED
                  00005c80    0000001b     f28004x_globalvariabledefs.obj (Cmpss1RegsFile)

Cmpss2RegsFile 
*          1    00005ca0    0000001b     UNINITIALIZED
                  00005ca0    0000001b     f28004x_globalvariabledefs.obj (Cmpss2RegsFile)

Cmpss3RegsFile 
*          1    00005cc0    0000001b     UNINITIALIZED
                  00005cc0    0000001b     f28004x_globalvariabledefs.obj (Cmpss3RegsFile)

Cmpss4RegsFile 
*          1    00005ce0    0000001b     UNINITIALIZED
                  00005ce0    0000001b     f28004x_globalvariabledefs.obj (Cmpss4RegsFile)

Cmpss5RegsFile 
*          1    00005d00    0000001b     UNINITIALIZED
                  00005d00    0000001b     f28004x_globalvariabledefs.obj (Cmpss5RegsFile)

Cmpss6RegsFile 
*          1    00005d20    0000001b     UNINITIALIZED
                  00005d20    0000001b     f28004x_globalvariabledefs.obj (Cmpss6RegsFile)

Cmpss7RegsFile 
*          1    00005d40    0000001b     UNINITIALIZED
                  00005d40    0000001b     f28004x_globalvariabledefs.obj (Cmpss7RegsFile)

Sdfm1RegsFile 
*          1    00005e00    00000050     UNINITIALIZED
                  00005e00    00000050     f28004x_globalvariabledefs.obj (Sdfm1RegsFile)

SpiaRegsFile 
*          1    00006100    00000010     UNINITIALIZED
                  00006100    00000010     f28004x_globalvariabledefs.obj (SpiaRegsFile)

SpibRegsFile 
*          1    00006110    00000010     UNINITIALIZED
                  00006110    00000010     f28004x_globalvariabledefs.obj (SpibRegsFile)

ClaPromCrc0RegsFile 
*          1    000061c0    00000020     UNINITIALIZED
                  000061c0    00000020     f28004x_globalvariabledefs.obj (ClaPromCrc0RegsFile)

PmbusaRegsFile 
*          1    00006400    0000001e     UNINITIALIZED
                  00006400    0000001e     f28004x_globalvariabledefs.obj (PmbusaRegsFile)

FsiTxaRegsFile 
*          1    00006600    00000050     UNINITIALIZED
                  00006600    00000050     f28004x_globalvariabledefs.obj (FsiTxaRegsFile)

FsiRxaRegsFile 
*          1    00006680    00000050     UNINITIALIZED
                  00006680    00000050     f28004x_globalvariabledefs.obj (FsiRxaRegsFile)

LinaRegsFile 
*          1    00006a00    000000ec     UNINITIALIZED
                  00006a00    000000ec     f28004x_globalvariabledefs.obj (LinaRegsFile)

WdRegsFile 
*          1    00007000    0000002b     UNINITIALIZED
                  00007000    0000002b     f28004x_globalvariabledefs.obj (WdRegsFile)

NmiIntruptRegsFile 
*          1    00007060    00000007     UNINITIALIZED
                  00007060    00000007     f28004x_globalvariabledefs.obj (NmiIntruptRegsFile)

XintRegsFile 
*          1    00007070    0000000b     UNINITIALIZED
                  00007070    0000000b     f28004x_globalvariabledefs.obj (XintRegsFile)

SciaRegsFile 
*          1    00007200    00000010     UNINITIALIZED
                  00007200    00000010     f28004x_globalvariabledefs.obj (SciaRegsFile)

ScibRegsFile 
*          1    00007210    00000010     UNINITIALIZED
                  00007210    00000010     f28004x_globalvariabledefs.obj (ScibRegsFile)

I2caRegsFile 
*          1    00007300    00000022     UNINITIALIZED
                  00007300    00000022     f28004x_globalvariabledefs.obj (I2caRegsFile)

AdcaRegsFile 
*          1    00007400    00000076     UNINITIALIZED
                  00007400    00000076     f28004x_globalvariabledefs.obj (AdcaRegsFile)

AdcbRegsFile 
*          1    00007480    00000076     UNINITIALIZED
                  00007480    00000076     f28004x_globalvariabledefs.obj (AdcbRegsFile)

AdccRegsFile 
*          1    00007500    00000076     UNINITIALIZED
                  00007500    00000076     f28004x_globalvariabledefs.obj (AdccRegsFile)

InputXbarRegsFile 
*          1    00007900    00000020     UNINITIALIZED
                  00007900    00000020     f28004x_globalvariabledefs.obj (InputXbarRegsFile)

XbarRegsFile 
*          1    00007920    00000010     UNINITIALIZED
                  00007920    00000010     f28004x_globalvariabledefs.obj (XbarRegsFile)

SyncSocRegsFile 
*          1    00007940    00000006     UNINITIALIZED
                  00007940    00000006     f28004x_globalvariabledefs.obj (SyncSocRegsFile)

DmaClaSrcSelRegsFile 
*          1    00007980    0000001a     UNINITIALIZED
                  00007980    0000001a     f28004x_globalvariabledefs.obj (DmaClaSrcSelRegsFile)

EPwmXbarRegsFile 
*          1    00007a00    00000040     UNINITIALIZED
                  00007a00    00000040     f28004x_globalvariabledefs.obj (EPwmXbarRegsFile)

CLBXbarRegsFile 
*          1    00007a40    00000040     UNINITIALIZED
                  00007a40    00000040     f28004x_globalvariabledefs.obj (CLBXbarRegsFile)

OutputXbarRegsFile 
*          1    00007a80    00000040     UNINITIALIZED
                  00007a80    00000040     f28004x_globalvariabledefs.obj (OutputXbarRegsFile)

GpioCtrlRegsFile 
*          1    00007c00    00000200     UNINITIALIZED
                  00007c00    00000200     f28004x_globalvariabledefs.obj (GpioCtrlRegsFile)

GpioDataRegsFile 
*          1    00007f00    0000003a     UNINITIALIZED
                  00007f00    0000003a     f28004x_globalvariabledefs.obj (GpioDataRegsFile)

.ebss      1    00010000    000000a2     UNINITIALIZED
                  00010000    00000070     realtime.obj (.ebss:_timer_service)
                  00010070    00000006     rts2800_fpu32.lib : exit.c.obj (.ebss)
                  00010076    00000004     core.obj (.ebss)
                  0001007a    00000002     rts2800_fpu32.lib : _lock.c.obj (.ebss:__lock)
                  0001007c    00000002                       : _lock.c.obj (.ebss:__unlock)
                  0001007e    00000002     --HOLE--
                  00010080    00000022     realtime.obj (.ebss)

CLA1_Prog 
*          0    00008000    00000000     UNINITIALIZED

.kernelvar 
*          1    00000400    000000e6     UNINITIALIZED
                  00000400    000000e0     diagnosys.obj (.kernelvar)
                  000004e0    00000006     core.obj (.kernelvar)

.TI.memcrc 
*          0    00000000    00000012     COPY SECTION
                  00000000    00000012     (.TI.memcrc:_ccs_flash_checksum)

CanaRegsFile 
*          1    00048000    00000164     UNINITIALIZED
                  00048000    00000164     f28004x_globalvariabledefs.obj (CanaRegsFile)

CanbRegsFile 
*          1    0004a000    00000164     UNINITIALIZED
                  0004a000    00000164     f28004x_globalvariabledefs.obj (CanbRegsFile)

DevCfgRegsFile 
*          1    0005d000    00000132     UNINITIALIZED
                  0005d000    00000132     f28004x_globalvariabledefs.obj (DevCfgRegsFile)

ClkCfgRegsFile 
*          1    0005d200    00000034     UNINITIALIZED
                  0005d200    00000034     f28004x_globalvariabledefs.obj (ClkCfgRegsFile)

CpuSysRegsFile 
*          1    0005d300    00000082     UNINITIALIZED
                  0005d300    00000082     f28004x_globalvariabledefs.obj (CpuSysRegsFile)

SysPeriphAcRegsFile 
*          1    0005d500    00000200     UNINITIALIZED
                  0005d500    00000200     f28004x_globalvariabledefs.obj (SysPeriphAcRegsFile)

AnalogSubsysRegsFile 
*          1    0005d700    00000090     UNINITIALIZED
                  0005d700    00000090     f28004x_globalvariabledefs.obj (AnalogSubsysRegsFile)

Dcc0RegsFile 
*          1    0005e700    0000002c     UNINITIALIZED
                  0005e700    0000002c     f28004x_globalvariabledefs.obj (Dcc0RegsFile)

EradGlobalRegsFile 
*          1    0005e800    0000000b     UNINITIALIZED
                  0005e800    0000000b     f28004x_globalvariabledefs.obj (EradGlobalRegsFile)

EradHWBP1RegsFile 
*          1    0005e900    00000008     UNINITIALIZED
                  0005e900    00000008     f28004x_globalvariabledefs.obj (EradHWBP1RegsFile)

EradHWBP2RegsFile 
*          1    0005e908    00000008     UNINITIALIZED
                  0005e908    00000008     f28004x_globalvariabledefs.obj (EradHWBP2RegsFile)

EradHWBP3RegsFile 
*          1    0005e910    00000008     UNINITIALIZED
                  0005e910    00000008     f28004x_globalvariabledefs.obj (EradHWBP3RegsFile)

EradHWBP4RegsFile 
*          1    0005e918    00000008     UNINITIALIZED
                  0005e918    00000008     f28004x_globalvariabledefs.obj (EradHWBP4RegsFile)

EradHWBP5RegsFile 
*          1    0005e920    00000008     UNINITIALIZED
                  0005e920    00000008     f28004x_globalvariabledefs.obj (EradHWBP5RegsFile)

EradHWBP6RegsFile 
*          1    0005e928    00000008     UNINITIALIZED
                  0005e928    00000008     f28004x_globalvariabledefs.obj (EradHWBP6RegsFile)

EradHWBP7RegsFile 
*          1    0005e930    00000008     UNINITIALIZED
                  0005e930    00000008     f28004x_globalvariabledefs.obj (EradHWBP7RegsFile)

EradHWBP8RegsFile 
*          1    0005e938    00000008     UNINITIALIZED
                  0005e938    00000008     f28004x_globalvariabledefs.obj (EradHWBP8RegsFile)

EradCounter1RegsFile 
*          1    0005e980    0000000a     UNINITIALIZED
                  0005e980    0000000a     f28004x_globalvariabledefs.obj (EradCounter1RegsFile)

EradCounter2RegsFile 
*          1    0005e990    0000000a     UNINITIALIZED
                  0005e990    0000000a     f28004x_globalvariabledefs.obj (EradCounter2RegsFile)

EradCounter3RegsFile 
*          1    0005e9a0    0000000a     UNINITIALIZED
                  0005e9a0    0000000a     f28004x_globalvariabledefs.obj (EradCounter3RegsFile)

EradCounter4RegsFile 
*          1    0005e9b0    0000000a     UNINITIALIZED
                  0005e9b0    0000000a     f28004x_globalvariabledefs.obj (EradCounter4RegsFile)

DcsmBank0Z1RegsFile 
*          1    0005f000    00000022     UNINITIALIZED
                  0005f000    00000022     f28004x_globalvariabledefs.obj (DcsmBank0Z1RegsFile)

DcsmBank0Z2RegsFile 
*          1    0005f040    00000022     UNINITIALIZED
                  0005f040    00000022     f28004x_globalvariabledefs.obj (DcsmBank0Z2RegsFile)

DcsmCommonRegsFile 
*          1    0005f070    00000010     UNINITIALIZED
                  0005f070    00000010     f28004x_globalvariabledefs.obj (DcsmCommonRegsFile)

DcsmBank1Z1RegsFile 
*          1    0005f100    00000020     UNINITIALIZED
                  0005f100    00000020     f28004x_globalvariabledefs.obj (DcsmBank1Z1RegsFile)

DcsmBank1Z2RegsFile 
*          1    0005f140    00000020     UNINITIALIZED
                  0005f140    00000020     f28004x_globalvariabledefs.obj (DcsmBank1Z2RegsFile)

MemCfgRegsFile 
*          1    0005f400    00000076     UNINITIALIZED
                  0005f400    00000076     f28004x_globalvariabledefs.obj (MemCfgRegsFile)

AccessProtectionRegsFile 
*          1    0005f4c0    0000002e     UNINITIALIZED
                  0005f4c0    0000002e     f28004x_globalvariabledefs.obj (AccessProtectionRegsFile)

MemoryErrorRegsFile 
*          1    0005f500    0000003a     UNINITIALIZED
                  0005f500    0000003a     f28004x_globalvariabledefs.obj (MemoryErrorRegsFile)

Flash0CtrlRegsFile 
*          1    0005f800    00000182     UNINITIALIZED
                  0005f800    00000182     f28004x_globalvariabledefs.obj (Flash0CtrlRegsFile)

Flash0EccRegsFile 
*          1    0005fb00    00000028     UNINITIALIZED
                  0005fb00    00000028     f28004x_globalvariabledefs.obj (Flash0EccRegsFile)

MODULE SUMMARY

       Module                           code   initialized data   uninitialized data
       ------                           ----   ----------------   ------------------
    .\Application\Src\
       main.obj                         9      0                  0                 
    +--+--------------------------------+------+------------------+--------------------+
       Total:                           9      0                  0                 
                                                                                    
    .\Kernel\Src\Core\
       core.obj                         0      0                  10                
       GotoMain.obj                     2      0                  0                 
    +--+--------------------------------+------+------------------+--------------------+
       Total:                           2      0                  10                
                                                                                    
    .\Kernel\Src\Diagnosys\
       diagnosys.obj                    0      0                  224               
    +--+--------------------------------+------+------------------+--------------------+
       Total:                           0      0                  224               
                                                                                    
    .\Kernel\Src\Real Time\
       realtime.obj                     417    0                  146               
    +--+--------------------------------+------+------------------+--------------------+
       Total:                           417    0                  146               
                                                                                    
    .\TI\f28004x\source\
       f28004x_globalvariabledefs.obj   0      0                  9857              
    +--+--------------------------------+------+------------------+--------------------+
       Total:                           0      0                  9857              
                                                                                    
    C:\ti\ccs1210\ccs\tools\compiler\ti-cgt-c2000_22.6.0.LTS\lib\rts2800_fpu32.lib
       boot28.asm.obj                   86     0                  0                 
       exit.c.obj                       41     14                 6                 
       cpy_tbl.c.obj                    36     0                  0                 
       memcpy.c.obj                     29     0                  0                 
       _lock.c.obj                      9      10                 4                 
       args_main.c.obj                  18     0                  0                 
       pre_init.c.obj                   2      0                  0                 
       startup.c.obj                    1      0                  0                 
    +--+--------------------------------+------+------------------+--------------------+
       Total:                           222    24                 10                
                                                                                    
       Stack:                           0      0                  512               
    +--+--------------------------------+------+------------------+--------------------+
       Grand Total:                     650    24                 10759             


LINKER GENERATED MEMRANGE CRC TABLES

_ccs_flash_checksum @ 00000000 records: 2, size/record: 6, table size: 18, algorithm=C28_CHECKSUM_16(ID=13), CRC: 000062f8
	BEGIN: page=0, load addr=00080000, size=00000002
	FLASH_MEMORY: page=0, load addr=00080002, size=0001ffee


GLOBAL DATA SYMBOLS: SORTED BY DATA PAGE

address     data page           name
--------    ----------------    ----
000000f6       3 (000000c0)     __stack

00000400      10 (00000400)     _index_oldest
00000401      10 (00000400)     _index_newest
00000402      10 (00000400)     _Diagnosys

00000440      11 (00000440)     _system_log

000004e0      13 (000004c0)     _kernel

00000b00      2c (00000b00)     _AdcaResultRegs
00000b20      2c (00000b00)     _AdcbResultRegs

00000b40      2d (00000b40)     _AdccResultRegs

00000c00      30 (00000c00)     _CpuTimer0Regs
00000c08      30 (00000c00)     _CpuTimer1Regs
00000c10      30 (00000c00)     _CpuTimer2Regs

00000ce0      33 (00000cc0)     _PieCtrlRegs

00000d00      34 (00000d00)     _PieVectTable

00001000      40 (00001000)     _DmaRegs

00001400      50 (00001400)     _Cla1Regs

00003000      c0 (00003000)     _Clb1LogicCfgRegs

00003100      c4 (00003100)     _Clb1LogicCtrlRegs

00003200      c8 (00003200)     _Clb1DataExchRegs

00003400      d0 (00003400)     _Clb2LogicCfgRegs

00003500      d4 (00003500)     _Clb2LogicCtrlRegs

00003600      d8 (00003600)     _Clb2DataExchRegs

00003800      e0 (00003800)     _Clb3LogicCfgRegs

00003900      e4 (00003900)     _Clb3LogicCtrlRegs

00003a00      e8 (00003a00)     _Clb3DataExchRegs

00003c00      f0 (00003c00)     _Clb4LogicCfgRegs

00003d00      f4 (00003d00)     _Clb4LogicCtrlRegs

00003e00      f8 (00003e00)     _Clb4DataExchRegs

00004000     100 (00004000)     _EPwm1Regs

00004100     104 (00004100)     _EPwm2Regs

00004200     108 (00004200)     _EPwm3Regs

00004300     10c (00004300)     _EPwm4Regs

00004400     110 (00004400)     _EPwm5Regs

00004500     114 (00004500)     _EPwm6Regs

00004600     118 (00004600)     _EPwm7Regs

00004700     11c (00004700)     _EPwm8Regs

00005100     144 (00005100)     _EQep1Regs

00005140     145 (00005140)     _EQep2Regs

00005200     148 (00005200)     _ECap1Regs

00005240     149 (00005240)     _ECap2Regs

00005280     14a (00005280)     _ECap3Regs

000052c0     14b (000052c0)     _ECap4Regs

00005300     14c (00005300)     _ECap5Regs

00005340     14d (00005340)     _ECap6Regs
00005360     14d (00005340)     _HRCap6Regs

00005380     14e (00005380)     _ECap7Regs
000053a0     14e (00005380)     _HRCap7Regs

00005b00     16c (00005b00)     _Pga1Regs
00005b10     16c (00005b00)     _Pga2Regs
00005b20     16c (00005b00)     _Pga3Regs
00005b30     16c (00005b00)     _Pga4Regs

00005b40     16d (00005b40)     _Pga5Regs
00005b50     16d (00005b40)     _Pga6Regs
00005b60     16d (00005b40)     _Pga7Regs

00005c00     170 (00005c00)     _DacaRegs
00005c10     170 (00005c00)     _DacbRegs

00005c80     172 (00005c80)     _Cmpss1Regs
00005ca0     172 (00005c80)     _Cmpss2Regs

00005cc0     173 (00005cc0)     _Cmpss3Regs
00005ce0     173 (00005cc0)     _Cmpss4Regs

00005d00     174 (00005d00)     _Cmpss5Regs
00005d20     174 (00005d00)     _Cmpss6Regs

00005d40     175 (00005d40)     _Cmpss7Regs

00005e00     178 (00005e00)     _Sdfm1Regs

00006100     184 (00006100)     _SpiaRegs
00006110     184 (00006100)     _SpibRegs

000061c0     187 (000061c0)     _ClaPromCrc0Regs

00006400     190 (00006400)     _PmbusaRegs

00006600     198 (00006600)     _FsiTxaRegs

00006680     19a (00006680)     _FsiRxaRegs

00006a00     1a8 (00006a00)     _LinaRegs

00007000     1c0 (00007000)     _WdRegs

00007060     1c1 (00007040)     _NmiIntruptRegs
00007070     1c1 (00007040)     _XintRegs

00007200     1c8 (00007200)     _SciaRegs
00007210     1c8 (00007200)     _ScibRegs

00007300     1cc (00007300)     _I2caRegs

00007400     1d0 (00007400)     _AdcaRegs

00007480     1d2 (00007480)     _AdcbRegs

00007500     1d4 (00007500)     _AdccRegs

00007900     1e4 (00007900)     _InputXbarRegs
00007920     1e4 (00007900)     _XbarRegs

00007940     1e5 (00007940)     _SyncSocRegs

00007980     1e6 (00007980)     _DmaClaSrcSelRegs

00007a00     1e8 (00007a00)     _EPwmXbarRegs

00007a40     1e9 (00007a40)     _CLBXbarRegs

00007a80     1ea (00007a80)     _OutputXbarRegs

00007c00     1f0 (00007c00)     _GpioCtrlRegs

00007f00     1fc (00007f00)     _GpioDataRegs

00010000     400 (00010000)     _timer_service

00010070     401 (00010040)     ___TI_enable_exit_profile_output
00010072     401 (00010040)     ___TI_cleanup_ptr
00010074     401 (00010040)     ___TI_dtors_ptr
00010076     401 (00010040)     _dispositivo
0001007a     401 (00010040)     __lock
0001007c     401 (00010040)     __unlock

00010080     402 (00010080)     _ind_timer_service
00010081     402 (00010080)     _timers_used
00010082     402 (00010080)     _reloj_sistema
00010086     402 (00010080)     _RealTime

00048000    1200 (00048000)     _CanaRegs

0004a000    1280 (0004a000)     _CanbRegs

0005d000    1740 (0005d000)     _DevCfgRegs

0005d200    1748 (0005d200)     _ClkCfgRegs

0005d300    174c (0005d300)     _CpuSysRegs

0005d500    1754 (0005d500)     _SysPeriphAcRegs

0005d700    175c (0005d700)     _AnalogSubsysRegs

0005e700    179c (0005e700)     _Dcc0Regs

0005e800    17a0 (0005e800)     _EradGlobalRegs

0005e900    17a4 (0005e900)     _EradHWBP1Regs
0005e908    17a4 (0005e900)     _EradHWBP2Regs
0005e910    17a4 (0005e900)     _EradHWBP3Regs
0005e918    17a4 (0005e900)     _EradHWBP4Regs
0005e920    17a4 (0005e900)     _EradHWBP5Regs
0005e928    17a4 (0005e900)     _EradHWBP6Regs
0005e930    17a4 (0005e900)     _EradHWBP7Regs
0005e938    17a4 (0005e900)     _EradHWBP8Regs

0005e980    17a6 (0005e980)     _EradCounter1Regs
0005e990    17a6 (0005e980)     _EradCounter2Regs
0005e9a0    17a6 (0005e980)     _EradCounter3Regs
0005e9b0    17a6 (0005e980)     _EradCounter4Regs

0005f000    17c0 (0005f000)     _DcsmBank0Z1Regs

0005f040    17c1 (0005f040)     _DcsmBank0Z2Regs
0005f070    17c1 (0005f040)     _DcsmCommonRegs

0005f100    17c4 (0005f100)     _DcsmBank1Z1Regs

0005f140    17c5 (0005f140)     _DcsmBank1Z2Regs

0005f400    17d0 (0005f400)     _MemCfgRegs

0005f4c0    17d3 (0005f4c0)     _AccessProtectionRegs

0005f500    17d4 (0005f500)     _MemoryErrorRegs

0005f800    17e0 (0005f800)     _Flash0CtrlRegs

0005fb00    17ec (0005fb00)     _Flash0EccRegs


GLOBAL SYMBOLS: SORTED ALPHABETICALLY BY Name 

page  address   name                                 
----  -------   ----                                 
0     00080004  .text                                
0     000801fb  C$$EXIT                              
1     0005f4c0  _AccessProtectionRegs                
1     00007400  _AdcaRegs                            
1     00000b00  _AdcaResultRegs                      
1     00007480  _AdcbRegs                            
1     00000b20  _AdcbResultRegs                      
1     00007500  _AdccRegs                            
1     00000b40  _AdccResultRegs                      
1     0005d700  _AnalogSubsysRegs                    
1     00007a40  _CLBXbarRegs                         
1     00048000  _CanaRegs                            
1     0004a000  _CanbRegs                            
0     00080133  _Check_Timer                         
1     00001400  _Cla1Regs                            
1     000061c0  _ClaPromCrc0Regs                     
0     00008000  _ClainramLoadEnd                     
abs   00000000  _ClainramLoadSize                    
0     00008000  _ClainramLoadStart                   
0     00008000  _ClainramRunEnd                      
abs   00000000  _ClainramRunSize                     
0     00008000  _ClainramRunStart                    
1     00003200  _Clb1DataExchRegs                    
1     00003000  _Clb1LogicCfgRegs                    
1     00003100  _Clb1LogicCtrlRegs                   
1     00003600  _Clb2DataExchRegs                    
1     00003400  _Clb2LogicCfgRegs                    
1     00003500  _Clb2LogicCtrlRegs                   
1     00003a00  _Clb3DataExchRegs                    
1     00003800  _Clb3LogicCfgRegs                    
1     00003900  _Clb3LogicCtrlRegs                   
1     00003e00  _Clb4DataExchRegs                    
1     00003c00  _Clb4LogicCfgRegs                    
1     00003d00  _Clb4LogicCtrlRegs                   
1     0005d200  _ClkCfgRegs                          
1     00005c80  _Cmpss1Regs                          
1     00005ca0  _Cmpss2Regs                          
1     00005cc0  _Cmpss3Regs                          
1     00005ce0  _Cmpss4Regs                          
1     00005d00  _Cmpss5Regs                          
1     00005d20  _Cmpss6Regs                          
1     00005d40  _Cmpss7Regs                          
1     0005d300  _CpuSysRegs                          
1     00000c00  _CpuTimer0Regs                       
1     00000c08  _CpuTimer1Regs                       
1     00000c10  _CpuTimer2Regs                       
0     0000c000  _CpuinramLoadEnd                     
abs   00000000  _CpuinramLoadSize                    
0     0000c000  _CpuinramLoadStart                   
0     0000c000  _CpuinramRunEnd                      
abs   00000000  _CpuinramRunSize                     
0     0000c000  _CpuinramRunStart                    
1     00005c00  _DacaRegs                            
1     00005c10  _DacbRegs                            
1     0005e700  _Dcc0Regs                            
1     0005f000  _DcsmBank0Z1Regs                     
1     0005f040  _DcsmBank0Z2Regs                     
1     0005f100  _DcsmBank1Z1Regs                     
1     0005f140  _DcsmBank1Z2Regs                     
1     0005f070  _DcsmCommonRegs                      
1     0005d000  _DevCfgRegs                          
1     00000402  _Diagnosys                           
0     0008009c  _Diff_Time                           
1     00007980  _DmaClaSrcSelRegs                    
1     00001000  _DmaRegs                             
1     00005200  _ECap1Regs                           
1     00005240  _ECap2Regs                           
1     00005280  _ECap3Regs                           
1     000052c0  _ECap4Regs                           
1     00005300  _ECap5Regs                           
1     00005340  _ECap6Regs                           
1     00005380  _ECap7Regs                           
1     00004000  _EPwm1Regs                           
1     00004100  _EPwm2Regs                           
1     00004200  _EPwm3Regs                           
1     00004300  _EPwm4Regs                           
1     00004400  _EPwm5Regs                           
1     00004500  _EPwm6Regs                           
1     00004600  _EPwm7Regs                           
1     00004700  _EPwm8Regs                           
1     00007a00  _EPwmXbarRegs                        
1     00005100  _EQep1Regs                           
1     00005140  _EQep2Regs                           
1     0005e980  _EradCounter1Regs                    
1     0005e990  _EradCounter2Regs                    
1     0005e9a0  _EradCounter3Regs                    
1     0005e9b0  _EradCounter4Regs                    
1     0005e800  _EradGlobalRegs                      
1     0005e900  _EradHWBP1Regs                       
1     0005e908  _EradHWBP2Regs                       
1     0005e910  _EradHWBP3Regs                       
1     0005e918  _EradHWBP4Regs                       
1     0005e920  _EradHWBP5Regs                       
1     0005e928  _EradHWBP6Regs                       
1     0005e930  _EradHWBP7Regs                       
1     0005e938  _EradHWBP8Regs                       
1     0005f800  _Flash0CtrlRegs                      
1     0005fb00  _Flash0EccRegs                       
0     0000c000  _FlashinitLoadEnd                    
abs   00000000  _FlashinitLoadSize                   
0     0000c000  _FlashinitLoadStart                  
0     0000c000  _FlashinitRunEnd                     
abs   00000000  _FlashinitRunSize                    
0     0000c000  _FlashinitRunStart                   
1     00006680  _FsiRxaRegs                          
1     00006600  _FsiTxaRegs                          
0     00080016  _Get_Clock                           
0     00080120  _Get_Timer                           
1     00007c00  _GpioCtrlRegs                        
1     00007f00  _GpioDataRegs                        
1     00005360  _HRCap6Regs                          
1     000053a0  _HRCap7Regs                          
1     00007300  _I2caRegs                            
0     000800b8  _Init_Realtime                       
1     00007900  _InputXbarRegs                       
0     00080144  _Kernel_Realtime                     
1     00006a00  _LinaRegs                            
1     0005f400  _MemCfgRegs                          
1     0005f500  _MemoryErrorRegs                     
1     00007060  _NmiIntruptRegs                      
1     00007a80  _OutputXbarRegs                      
1     00005b00  _Pga1Regs                            
1     00005b10  _Pga2Regs                            
1     00005b20  _Pga3Regs                            
1     00005b30  _Pga4Regs                            
1     00005b40  _Pga5Regs                            
1     00005b50  _Pga6Regs                            
1     00005b60  _Pga7Regs                            
1     00000ce0  _PieCtrlRegs                         
1     00000d00  _PieVectTable                        
1     00006400  _PmbusaRegs                          
1     00010086  _RealTime                            
0     00080090  _Release_Timer                       
0     00080087  _Reset_Clock                         
0     00080072  _Reset_Timer                         
1     00007200  _SciaRegs                            
1     00007210  _ScibRegs                            
1     00005e00  _Sdfm1Regs                           
0     00080066  _Set_Callback                        
0     0008004c  _Set_Clock                           
0     0008003f  _Set_Timer                           
1     00006100  _SpiaRegs                            
1     00006110  _SpibRegs                            
0     0008003a  _Start_Clock                         
0     00080025  _Start_Timer                         
0     00080011  _Stop_Clock                          
0     00080004  _Stop_Timer                          
1     00007940  _SyncSocRegs                         
1     0005d500  _SysPeriphAcRegs                     
1     00007000  _WdRegs                              
1     00007920  _XbarRegs                            
1     00007070  _XintRegs                            
1     000002f6  __STACK_END                          
abs   00000200  __STACK_SIZE                         
0     00000000  __TI_MEMRANGE_CRC__ccs_flash_checksum
1     00010072  ___TI_cleanup_ptr                    
1     00010074  ___TI_dtors_ptr                      
1     00010070  ___TI_enable_exit_profile_output     
abs   ffffffff  ___TI_pprof_out_hndl                 
abs   ffffffff  ___TI_prof_data_size                 
abs   ffffffff  ___TI_prof_data_start                
abs   ffffffff  ___binit__                           
abs   ffffffff  ___c_args__                          
0     0008028c  ___cinit__                           
0     0008028c  ___etext__                           
abs   ffffffff  ___pinit__                           
0     00080004  ___text__                            
0     00080265  __args_main                          
1     0001007a  __lock                               
0     00080288  __nop                                
0     00080284  __register_lock                      
0     00080280  __register_unlock                    
1     000000f6  __stack                              
0     0008028b  __system_post_cinit                  
0     00080289  __system_pre_init                    
1     0001007c  __unlock                             
0     000801fb  _abort                               
0     000801a5  _c_int00                             
0     00000000  _ccs_flash_checksum                  
0     00080224  _copy_in                             
1     00010076  _dispositivo                         
0     000801fd  _exit                                
1     00010080  _ind_timer_service                   
1     00000401  _index_newest                        
1     00000400  _index_oldest                        
1     000004e0  _kernel                              
0     00080277  _main                                
0     00080248  _memcpy                              
1     00010082  _reloj_sistema                       
1     00000440  _system_log                          
1     00010000  _timer_service                       
1     00010081  _timers_used                         
abs   ffffffff  binit                                
0     0008028c  cinit                                
0     0008028c  etext                                
abs   ffffffff  pinit                                


GLOBAL SYMBOLS: SORTED BY Symbol Address 

page  address   name                                 
----  -------   ----                                 
0     00000000  __TI_MEMRANGE_CRC__ccs_flash_checksum
0     00000000  _ccs_flash_checksum                  
0     00008000  _ClainramLoadEnd                     
0     00008000  _ClainramLoadStart                   
0     00008000  _ClainramRunEnd                      
0     00008000  _ClainramRunStart                    
0     0000c000  _CpuinramLoadEnd                     
0     0000c000  _CpuinramLoadStart                   
0     0000c000  _CpuinramRunEnd                      
0     0000c000  _CpuinramRunStart                    
0     0000c000  _FlashinitLoadEnd                    
0     0000c000  _FlashinitLoadStart                  
0     0000c000  _FlashinitRunEnd                     
0     0000c000  _FlashinitRunStart                   
0     00080004  .text                                
0     00080004  _Stop_Timer                          
0     00080004  ___text__                            
0     00080011  _Stop_Clock                          
0     00080016  _Get_Clock                           
0     00080025  _Start_Timer                         
0     0008003a  _Start_Clock                         
0     0008003f  _Set_Timer                           
0     0008004c  _Set_Clock                           
0     00080066  _Set_Callback                        
0     00080072  _Reset_Timer                         
0     00080087  _Reset_Clock                         
0     00080090  _Release_Timer                       
0     0008009c  _Diff_Time                           
0     000800b8  _Init_Realtime                       
0     00080120  _Get_Timer                           
0     00080133  _Check_Timer                         
0     00080144  _Kernel_Realtime                     
0     000801a5  _c_int00                             
0     000801fb  C$$EXIT                              
0     000801fb  _abort                               
0     000801fd  _exit                                
0     00080224  _copy_in                             
0     00080248  _memcpy                              
0     00080265  __args_main                          
0     00080277  _main                                
0     00080280  __register_unlock                    
0     00080284  __register_lock                      
0     00080288  __nop                                
0     00080289  __system_pre_init                    
0     0008028b  __system_post_cinit                  
0     0008028c  ___cinit__                           
0     0008028c  ___etext__                           
0     0008028c  cinit                                
0     0008028c  etext                                
1     000000f6  __stack                              
1     000002f6  __STACK_END                          
1     00000400  _index_oldest                        
1     00000401  _index_newest                        
1     00000402  _Diagnosys                           
1     00000440  _system_log                          
1     000004e0  _kernel                              
1     00000b00  _AdcaResultRegs                      
1     00000b20  _AdcbResultRegs                      
1     00000b40  _AdccResultRegs                      
1     00000c00  _CpuTimer0Regs                       
1     00000c08  _CpuTimer1Regs                       
1     00000c10  _CpuTimer2Regs                       
1     00000ce0  _PieCtrlRegs                         
1     00000d00  _PieVectTable                        
1     00001000  _DmaRegs                             
1     00001400  _Cla1Regs                            
1     00003000  _Clb1LogicCfgRegs                    
1     00003100  _Clb1LogicCtrlRegs                   
1     00003200  _Clb1DataExchRegs                    
1     00003400  _Clb2LogicCfgRegs                    
1     00003500  _Clb2LogicCtrlRegs                   
1     00003600  _Clb2DataExchRegs                    
1     00003800  _Clb3LogicCfgRegs                    
1     00003900  _Clb3LogicCtrlRegs                   
1     00003a00  _Clb3DataExchRegs                    
1     00003c00  _Clb4LogicCfgRegs                    
1     00003d00  _Clb4LogicCtrlRegs                   
1     00003e00  _Clb4DataExchRegs                    
1     00004000  _EPwm1Regs                           
1     00004100  _EPwm2Regs                           
1     00004200  _EPwm3Regs                           
1     00004300  _EPwm4Regs                           
1     00004400  _EPwm5Regs                           
1     00004500  _EPwm6Regs                           
1     00004600  _EPwm7Regs                           
1     00004700  _EPwm8Regs                           
1     00005100  _EQep1Regs                           
1     00005140  _EQep2Regs                           
1     00005200  _ECap1Regs                           
1     00005240  _ECap2Regs                           
1     00005280  _ECap3Regs                           
1     000052c0  _ECap4Regs                           
1     00005300  _ECap5Regs                           
1     00005340  _ECap6Regs                           
1     00005360  _HRCap6Regs                          
1     00005380  _ECap7Regs                           
1     000053a0  _HRCap7Regs                          
1     00005b00  _Pga1Regs                            
1     00005b10  _Pga2Regs                            
1     00005b20  _Pga3Regs                            
1     00005b30  _Pga4Regs                            
1     00005b40  _Pga5Regs                            
1     00005b50  _Pga6Regs                            
1     00005b60  _Pga7Regs                            
1     00005c00  _DacaRegs                            
1     00005c10  _DacbRegs                            
1     00005c80  _Cmpss1Regs                          
1     00005ca0  _Cmpss2Regs                          
1     00005cc0  _Cmpss3Regs                          
1     00005ce0  _Cmpss4Regs                          
1     00005d00  _Cmpss5Regs                          
1     00005d20  _Cmpss6Regs                          
1     00005d40  _Cmpss7Regs                          
1     00005e00  _Sdfm1Regs                           
1     00006100  _SpiaRegs                            
1     00006110  _SpibRegs                            
1     000061c0  _ClaPromCrc0Regs                     
1     00006400  _PmbusaRegs                          
1     00006600  _FsiTxaRegs                          
1     00006680  _FsiRxaRegs                          
1     00006a00  _LinaRegs                            
1     00007000  _WdRegs                              
1     00007060  _NmiIntruptRegs                      
1     00007070  _XintRegs                            
1     00007200  _SciaRegs                            
1     00007210  _ScibRegs                            
1     00007300  _I2caRegs                            
1     00007400  _AdcaRegs                            
1     00007480  _AdcbRegs                            
1     00007500  _AdccRegs                            
1     00007900  _InputXbarRegs                       
1     00007920  _XbarRegs                            
1     00007940  _SyncSocRegs                         
1     00007980  _DmaClaSrcSelRegs                    
1     00007a00  _EPwmXbarRegs                        
1     00007a40  _CLBXbarRegs                         
1     00007a80  _OutputXbarRegs                      
1     00007c00  _GpioCtrlRegs                        
1     00007f00  _GpioDataRegs                        
1     00010000  _timer_service                       
1     00010070  ___TI_enable_exit_profile_output     
1     00010072  ___TI_cleanup_ptr                    
1     00010074  ___TI_dtors_ptr                      
1     00010076  _dispositivo                         
1     0001007a  __lock                               
1     0001007c  __unlock                             
1     00010080  _ind_timer_service                   
1     00010081  _timers_used                         
1     00010082  _reloj_sistema                       
1     00010086  _RealTime                            
1     00048000  _CanaRegs                            
1     0004a000  _CanbRegs                            
1     0005d000  _DevCfgRegs                          
1     0005d200  _ClkCfgRegs                          
1     0005d300  _CpuSysRegs                          
1     0005d500  _SysPeriphAcRegs                     
1     0005d700  _AnalogSubsysRegs                    
1     0005e700  _Dcc0Regs                            
1     0005e800  _EradGlobalRegs                      
1     0005e900  _EradHWBP1Regs                       
1     0005e908  _EradHWBP2Regs                       
1     0005e910  _EradHWBP3Regs                       
1     0005e918  _EradHWBP4Regs                       
1     0005e920  _EradHWBP5Regs                       
1     0005e928  _EradHWBP6Regs                       
1     0005e930  _EradHWBP7Regs                       
1     0005e938  _EradHWBP8Regs                       
1     0005e980  _EradCounter1Regs                    
1     0005e990  _EradCounter2Regs                    
1     0005e9a0  _EradCounter3Regs                    
1     0005e9b0  _EradCounter4Regs                    
1     0005f000  _DcsmBank0Z1Regs                     
1     0005f040  _DcsmBank0Z2Regs                     
1     0005f070  _DcsmCommonRegs                      
1     0005f100  _DcsmBank1Z1Regs                     
1     0005f140  _DcsmBank1Z2Regs                     
1     0005f400  _MemCfgRegs                          
1     0005f4c0  _AccessProtectionRegs                
1     0005f500  _MemoryErrorRegs                     
1     0005f800  _Flash0CtrlRegs                      
1     0005fb00  _Flash0EccRegs                       
abs   00000000  _ClainramLoadSize                    
abs   00000000  _ClainramRunSize                     
abs   00000000  _CpuinramLoadSize                    
abs   00000000  _CpuinramRunSize                     
abs   00000000  _FlashinitLoadSize                   
abs   00000000  _FlashinitRunSize                    
abs   00000200  __STACK_SIZE                         
abs   ffffffff  ___TI_pprof_out_hndl                 
abs   ffffffff  ___TI_prof_data_size                 
abs   ffffffff  ___TI_prof_data_start                
abs   ffffffff  ___binit__                           
abs   ffffffff  ___c_args__                          
abs   ffffffff  ___pinit__                           
abs   ffffffff  binit                                
abs   ffffffff  pinit                                

[196 symbols]
